// Vitest Snapshot v1, https://vitest.dev/guide/snapshot.html

exports[`MCP ツール一覧（第1段 5 本） > 入力スキーマのスナップショット 1`] = `
[
  {
    "description": "流域カルテにどんな測定項目・水域・ゾーン・出典があるかを一覧する。まず全体像を掴むときに使う。what='variables' は測定項目（variableId を get_observations に渡す）、'waters' は水域、'zones' は Ridge to Reef ゾーン、'sources' は出典（取得日・更新方式・取れるツール queryable_via・取れない理由つき）。出典の件数・ツール別の件数・取れない理由別の件数は応答の summary を使う（一覧を自分で数えない）。n_source_rows は原本の行数で、get_observations の n（集計に使った件数）とは別物。読み方: 値は定量下限未満を value_lod（下限値で代用）と value_zero（0 で代用）の両方で返す。n_censored・n_not_detected が多い系列は下限付近の値を平均した結果なので断定しない。caveats は必ず利用者に伝える。provenance の fetched_at・update_mode・age_days から、データの新しさと更新方式を判断する（update_mode が undeclared の出典は更新方式が未宣言）。欠測を補完しない。",
    "inputSchema": {
      "$schema": "https://json-schema.org/draft/2020-12/schema",
      "additionalProperties": false,
      "properties": {
        "limit": {
          "description": "返す行数の上限（既定 100、最大 500）",
          "maximum": 500,
          "minimum": 1,
          "type": "integer",
        },
        "queryable": {
          "description": "what='sources' のとき、ツールで値が取れる出典（true）／取れない出典（false）に絞る",
          "type": "boolean",
        },
        "variableId": {
          "description": "what='waters' のとき、この項目のデータを持つ水域に絞る（variables の variableId）",
          "type": "string",
        },
        "what": {
          "description": "一覧する対象",
          "enum": [
            "variables",
            "waters",
            "zones",
            "sources",
          ],
          "type": "string",
        },
      },
      "required": [
        "what",
      ],
      "type": "object",
    },
    "name": "describe_catalog",
  },
  {
    "description": "語彙（測定項目・出典・生物種）を名前で検索する。変数名や種名の表記ゆれから ID（variableId・sourceId・学名）を引くときに使う。kind='variable' は測定項目、'source' は出典、'species' は出現記録のある種（和名・学名）。",
    "inputSchema": {
      "$schema": "https://json-schema.org/draft/2020-12/schema",
      "additionalProperties": false,
      "properties": {
        "kind": {
          "description": "検索する語彙",
          "enum": [
            "variable",
            "source",
            "species",
          ],
          "type": "string",
        },
        "limit": {
          "description": "返す行数の上限（既定 100、最大 500）",
          "maximum": 500,
          "minimum": 1,
          "type": "integer",
        },
        "query": {
          "description": "部分一致の検索語（和名・英名・ID の一部）",
          "maxLength": 100,
          "minLength": 1,
          "type": "string",
        },
      },
      "required": [
        "kind",
        "query",
      ],
      "type": "object",
    },
    "name": "search_registry",
  },
  {
    "description": "ある測定項目の時系列を取る（水質・気象・水文など）。scope で水域（地点ごと）・1地点・ゾーン平均を選び、grain で粒度を選ぶ。応答は封筒（rows・coverage・provenance・caveats・excluded・cite_as）。読み方: 値は定量下限未満を value_lod（下限値で代用）と value_zero（0 で代用）の両方で返す。n_censored・n_not_detected が多い系列は下限付近の値を平均した結果なので断定しない。caveats は必ず利用者に伝える。provenance の fetched_at・update_mode・age_days から、データの新しさと更新方式を判断する（update_mode が undeclared の出典は更新方式が未宣言）。欠測を補完しない。",
    "inputSchema": {
      "$schema": "https://json-schema.org/draft/2020-12/schema",
      "additionalProperties": false,
      "properties": {
        "from": {
          "description": "grain='day' の開始日 YYYY-MM-DD（grain='day' で from/to とも省略すると直近 2 年）",
          "type": "string",
        },
        "grain": {
          "description": "時間の粒度。year=暦年、fiscal_year=年度（4月始まり）、month=月、day=日。zone は year/fiscal_year のみ意味を持つ",
          "enum": [
            "year",
            "fiscal_year",
            "month",
            "day",
          ],
          "type": "string",
        },
        "limit": {
          "description": "返す行数の上限（既定 100、最大 500）",
          "maximum": 500,
          "minimum": 1,
          "type": "integer",
        },
        "scope": {
          "oneOf": [
            {
              "additionalProperties": false,
              "properties": {
                "name": {
                  "description": "水域名（describe_catalog what='waters'）",
                  "type": "string",
                },
                "type": {
                  "const": "water",
                  "type": "string",
                },
              },
              "required": [
                "type",
                "name",
              ],
              "type": "object",
            },
            {
              "additionalProperties": false,
              "properties": {
                "siteId": {
                  "description": "地点 ID",
                  "type": "string",
                },
                "type": {
                  "const": "site",
                  "type": "string",
                },
              },
              "required": [
                "type",
                "siteId",
              ],
              "type": "object",
            },
            {
              "additionalProperties": false,
              "properties": {
                "type": {
                  "const": "zone",
                  "type": "string",
                },
              },
              "required": [
                "type",
              ],
              "type": "object",
            },
          ],
        },
        "stat": {
          "description": "非代表の統計量（p75/p90/max/min）。省略時は代表系列",
          "type": "string",
        },
        "to": {
          "description": "grain='day' の終了日 YYYY-MM-DD",
          "type": "string",
        },
        "variableId": {
          "description": "測定項目の ID（describe_catalog / search_registry で引く）",
          "type": "string",
        },
      },
      "required": [
        "variableId",
        "scope",
        "grain",
      ],
      "type": "object",
    },
    "name": "get_observations",
  },
  {
    "description": "生物の出現記録（GBIF・iNaturalist）の集計を取る。kind='species_catalog' は種の一覧（件数の多い順、group で分類群を絞る）、'species_years'/'species_months' は種ごとの年別・月別件数（binoms に学名）、'watershed_years' は流域ごとの年別件数。出現記録は観察努力量に偏るため、件数の増減を生息数の増減と読まない。source_ids で出典（gbif_kanagawa_occurrences・inaturalist_kanagawa・kanagawa_edna・kanagawa_kuma_sightings）を絞れる（省略時は全出典の合算）。eDNA（kanagawa_edna）は採水による検出で、目視の観察とは性質が違うので、比べるときは出典で分ける。",
    "inputSchema": {
      "$schema": "https://json-schema.org/draft/2020-12/schema",
      "additionalProperties": false,
      "properties": {
        "binoms": {
          "description": "kind='species_years'/'species_months' の学名（最大 20）",
          "items": {
            "type": "string",
          },
          "maxItems": 20,
          "type": "array",
        },
        "group": {
          "description": "kind='species_catalog' の分類群（例: 鳥類）",
          "type": "string",
        },
        "kind": {
          "description": "集計の種類",
          "enum": [
            "species_catalog",
            "species_years",
            "species_months",
            "watershed_years",
          ],
          "type": "string",
        },
        "limit": {
          "description": "返す行数の上限（既定 100、最大 500）",
          "maximum": 500,
          "minimum": 1,
          "type": "integer",
        },
        "placeId": {
          "description": "kind='watershed_years' の流域 place_id（省略時は全流域）",
          "type": "string",
        },
        "source_ids": {
          "description": "出典で絞る（省略時は全出典の合算）。例: ['kanagawa_edna']",
          "items": {
            "enum": [
              "gbif_kanagawa_occurrences",
              "inaturalist_kanagawa",
              "kanagawa_edna",
              "kanagawa_kuma_sightings",
            ],
            "type": "string",
          },
          "maxItems": 4,
          "minItems": 1,
          "type": "array",
        },
      },
      "required": [
        "kind",
      ],
      "type": "object",
    },
    "name": "get_occurrences",
  },
  {
    "description": "神奈川県の環境DNA（eDNA、採水による検出。source_id=kanagawa_edna）の明細を、不検出（リード数 0）も含めて取る。地点（site_key／水系・支川・市町村）・種（taxon_id／学名・和名）・採水日で絞り、mode で明細・地点要約・分類群要約を選ぶ。eDNA は目視の観察とは性質が違うので、出現記録（get_occurrences）と比べるときは出典で分ける。",
    "inputSchema": {
      "$schema": "https://json-schema.org/draft/2020-12/schema",
      "additionalProperties": false,
      "properties": {
        "area": {
          "description": "水系・支川・市町村の部分一致（例: 相模川、厚木市）",
          "minLength": 1,
          "type": "string",
        },
        "detected_only": {
          "description": "true なら検出（リード数>0）だけ。既定 false で不検出（リード数 0）も返す",
          "type": "boolean",
        },
        "from": {
          "description": "採水日の下限（YYYY-MM-DD）",
          "pattern": "^\\d{4}-\\d{2}-\\d{2}$",
          "type": "string",
        },
        "limit": {
          "description": "返す行数の上限（既定 100、最大 500）",
          "maximum": 500,
          "minimum": 1,
          "type": "integer",
        },
        "mode": {
          "description": "records=採水×分類群の明細（既定）、by_site=地点×採水ごとの要約（検出した分類群数・リード数合計）、by_taxon=分類群ごとの要約（調べた回数 n_events と検出した回数 n_detected_events）",
          "enum": [
            "records",
            "by_site",
            "by_taxon",
          ],
          "type": "string",
        },
        "offset": {
          "description": "読み飛ばす行数（ページング。結果が truncated のとき offset を進めて続きを取る。既定 0）",
          "maximum": 9007199254740991,
          "minimum": 0,
          "type": "integer",
        },
        "site_key": {
          "description": "地点キー（<ファイル名>:<地点ID>）。完全一致",
          "maxLength": 300,
          "minLength": 1,
          "type": "string",
        },
        "species": {
          "description": "学名・和名・採用名の部分一致（例: ニホンウナギ）",
          "minLength": 1,
          "type": "string",
        },
        "taxon_id": {
          "description": "分類群の taxon_id（例: common:taxon:inat.122882）。完全一致",
          "maxLength": 300,
          "minLength": 1,
          "type": "string",
        },
        "to": {
          "description": "採水日の上限（YYYY-MM-DD、含む）",
          "pattern": "^\\d{4}-\\d{2}-\\d{2}$",
          "type": "string",
        },
      },
      "type": "object",
    },
    "name": "get_edna",
  },
  {
    "description": "配布用データセット（dist/ の Parquet）の目録を返す。datapackage.json が指す各ファイルの相対パスと sha256 だけで、ファイルそのものは返さない（配信は別）。配布物が未配備のときは available=false と理由を返す。",
    "inputSchema": {
      "$schema": "https://json-schema.org/draft/2020-12/schema",
      "additionalProperties": false,
      "properties": {},
      "type": "object",
    },
    "name": "export_dataset",
  },
  {
    "description": "出典（source_id）を指定して、台帳表の明細をそのまま取る。観測値・出現記録ではない地点・保護区・植生・河川・哺乳類メッシュ・クマ出没・レッドリスト／外来種の評価など。任意 SQL ではなく、出典ごとに宣言された表だけ。主キー昇順。id で 1 件、q で名称・和名・学名の部分一致。植生・河川のジオメトリは id 指定の 1 件だけ include_geometry で返す。ライセンスや座標で行を除外・加工しない。利用条件は provenance の出典情報を見る。",
    "inputSchema": {
      "$schema": "https://json-schema.org/draft/2020-12/schema",
      "additionalProperties": false,
      "properties": {
        "id": {
          "description": "主キーの完全一致（1 件取り）",
          "maxLength": 300,
          "minLength": 1,
          "type": "string",
        },
        "include_geometry": {
          "description": "true なら geometry_geojson も返す（植生・河川のみ。id を指定した 1 件のときだけ許す。一覧では返さない）",
          "type": "boolean",
        },
        "limit": {
          "description": "返す行数の上限（既定 100、最大 500）",
          "maximum": 500,
          "minimum": 1,
          "type": "integer",
        },
        "offset": {
          "description": "読み飛ばす行数（ページング。結果が truncated のとき offset を進めて続きを取る。既定 0）",
          "maximum": 9007199254740991,
          "minimum": 0,
          "type": "integer",
        },
        "q": {
          "description": "表ごとの検索列（名称・和名・学名など）の部分一致",
          "minLength": 1,
          "type": "string",
        },
        "record_set": {
          "description": "記録の集合（sites・protected_areas・vegetation・river_segments・mammal_mesh・sightings・assessments）。出典に集合が複数あるときだけ必須（1つなら省略可）",
          "enum": [
            "sites",
            "protected_areas",
            "vegetation",
            "river_segments",
            "mammal_mesh",
            "sightings",
            "assessments",
          ],
          "type": "string",
        },
        "source_id": {
          "description": "出典（必須。describe_catalog の records_tables が空でない出典）",
          "enum": [
            "biodic_mammal_mesh_kanagawa",
            "biodic_veg2024_kanagawa",
            "dams_kanagawa",
            "env_kousui_stations_kanagawa",
            "geoshape_sagami_river",
            "hadano_preserved_trees",
            "hiratsuka_parks",
            "jma_stations_kanagawa",
            "kanagawa_green_conservation",
            "kanagawa_kuma_sightings",
            "kanagawa_natural_parks",
            "kanagawa_rdb2022_plants",
            "kanagawa_redlist",
            "moe_ias_list",
            "moni1000_sites",
            "sagami_livecams",
          ],
          "type": "string",
        },
      },
      "required": [
        "source_id",
      ],
      "type": "object",
    },
    "name": "get_records",
  },
]
`;
